<html>
<body>
<pre>
<h1>µVision Build Log</h1>
<h2>Project:</h2>
E:\EMBEDDED SYSTEMS\Keil Projects\GPIO\GPIO Project 1\GPIO.uvproj
Project File Date:  11/25/2018

<h2>Output:</h2>
Rebuild target 'Target 1'
assembling startup_TM4C123.s...
compiling gpio.c...
compiling main.c...
compiling system_TM4C123.c...
linking...
Program Size: Code=1324 RO-data=652 RW-data=4 ZI-data=612  
".\GPIO.axf" - 0 Error(s), 0 Warning(s).
-D: last line of file ends without a newline
  #endif /*__GPIO_H*/
main.c: 1 warning, 0 errors
compiling system_TM4C123.c...
linking...
Program Size: Code=1324 RO-data=652 RW-data=4 ZI-data=612  
".\GPIO.axf" - 0 Error(s), 2 Warning(s).
s.
Finished: 1 information, 0 warning and 1 error messages.
".\GPIO.axf" - 1 Error(s), 2 Warning(s).
Target not created
